Operating system: Microsoft Windows NT 6.2.9200.0
Opening INI file "C:\Users\estudiante\Desktop\Sonic 1 Lost Levels\s1disasm-AS\s1disasm-AS - copia\SonLVL INI Files\SonLVL.ini"...
Game type is S1.
Loading Green Hill Zone Act 1...
Loading 256x256 chunks from file "../map256/GHZ.kos", using compression Kosinski...
Loading 16x16 blocks from file "../map16/GHZ.eni", using compression Enigma...
Loading 8x8 tiles from file "../artnem/8x8 - GHZ1.nem", using compression Nemesis...
Loading FG layout from file "../levels/ghz1.bin", using compression Uncompressed...
Loading BG layout from file "../levels/ghzbg.bin", using compression Uncompressed...
Loading 8x8 tiles from file "../artnem/8x8 - GHZ2.nem", using compression Nemesis...
Loading FG layout from file "../levels/ghz2.bin", using compression Uncompressed...
Loading palette file "../palette/Sonic.bin"...
Source: 0 Destination: 0 Length: 16
Loading palette file "../palette/Green Hill Zone.bin"...
Source: 0 Destination: 16 Length: 48
Loading palette file "../palette/Ending.bin"...
Source: 0 Destination: 0 Length: 64
Loading FG layout from file "../levels/ghz3.bin", using compression Uncompressed...
Loading FG layout from file "../levels/ending.bin", using compression Uncompressed...
Loading object definition file "obj.ini".
Loading object definition file "obj.rev01.ini".
Loading object definition file "objGHZ.ini".
Loading ObjectDefinition type S1ObjectDefinitions.Common.Ring from "Common\Ring.cs"...
Loading type from cached assembly "dllcache\S1ObjectDefinitions.Common.Ring.dll"...
Loading ObjectDefinition type S1ObjectDefinitions.Common.InvisibleBlock from "Common\InvisibleBlock.cs"...
Loading type from cached assembly "dllcache\S1ObjectDefinitions.Common.InvisibleBlock.dll"...
Loading ObjectDefinition type S1ObjectDefinitions.GHZ.SwingingPlatform from "GHZ\SwingingPlatform.cs"...
Loading ObjectDefinition type S1ObjectDefinitions.GHZ.Bridge from "GHZ\Bridge.cs"...
Loading type from cached assembly "dllcache\S1ObjectDefinitions.GHZ.SwingingPlatform.dll"...
Loading type from cached assembly "dllcache\S1ObjectDefinitions.GHZ.Bridge.dll"...
Loading ObjectDefinition type S1ObjectDefinitions.GHZ.SpikedPole from "GHZ\SpikedPole.cs"...
Loading type from cached assembly "dllcache\S1ObjectDefinitions.GHZ.SpikedPole.dll"...
Loading objects from file "../objpos/ghz1.bin", using compression Uncompressed...
Loading start position "Level Start" from file "../startpos/ghz1.bin"...
Loading start position "Credits Demo 1" from file "../startpos/ghz1 (Credits demo 1).bin"...
Loading start position "Credits Demo 2" from file "../startpos/ghz1 (Credits demo 2).bin"...
Drawing block bitmaps...
Drawing chunk bitmaps...
Level loaded in 1,4584592 second(s).
Load completed.
Saving Green Hill Zone Act 1...
Saving Green Hill Zone Act 1...
Saving Green Hill Zone Act 1...
Saving Green Hill Zone Act 1...
Saving Green Hill Zone Act 1...
Saving Green Hill Zone Act 1...
Saving Green Hill Zone Act 1...
Saving Green Hill Zone Act 1...
Loading Green Hill Zone Act 2...
Loading FG layout from file "../levels/ghz2.bin", using compression Uncompressed...
Loading 16x16 blocks from file "../map16/GHZ.eni", using compression Enigma...
Loading 256x256 chunks from file "../map256/GHZ.kos", using compression Kosinski...
Loading 8x8 tiles from file "../artnem/8x8 - GHZ1.nem", using compression Nemesis...
Loading BG layout from file "../levels/ghzbg.bin", using compression Uncompressed...
Loading FG layout from file "../levels/ghz1.bin", using compression Uncompressed...
Loading palette file "../palette/Sonic.bin"...
Source: 0 Destination: 0 Length: 16
Loading palette file "../palette/Green Hill Zone.bin"...
Source: 0 Destination: 16 Length: 48
Loading FG layout from file "../levels/ghz3.bin", using compression Uncompressed...
Loading palette file "../palette/Ending.bin"...
Source: 0 Destination: 0 Length: 64
Loading 8x8 tiles from file "../artnem/8x8 - GHZ2.nem", using compression Nemesis...
Loading FG layout from file "../levels/ending.bin", using compression Uncompressed...
Loading object definition file "obj.ini".
Loading object definition file "obj.rev01.ini".
Loading object definition file "objGHZ.ini".
Loading ObjectDefinition type S1ObjectDefinitions.Common.Ring from "Common\Ring.cs"...
Loading type from cached assembly "dllcache\S1ObjectDefinitions.Common.Ring.dll"...
Loading ObjectDefinition type S1ObjectDefinitions.Common.InvisibleBlock from "Common\InvisibleBlock.cs"...
Loading type from cached assembly "dllcache\S1ObjectDefinitions.Common.InvisibleBlock.dll"...
Loading ObjectDefinition type S1ObjectDefinitions.GHZ.SwingingPlatform from "GHZ\SwingingPlatform.cs"...
Loading type from cached assembly "dllcache\S1ObjectDefinitions.GHZ.SwingingPlatform.dll"...
Loading ObjectDefinition type S1ObjectDefinitions.GHZ.Bridge from "GHZ\Bridge.cs"...
Loading type from cached assembly "dllcache\S1ObjectDefinitions.GHZ.Bridge.dll"...
Loading ObjectDefinition type S1ObjectDefinitions.GHZ.SpikedPole from "GHZ\SpikedPole.cs"...
Loading type from cached assembly "dllcache\S1ObjectDefinitions.GHZ.SpikedPole.dll"...
Loading start position "Level Start" from file "../startpos/ghz2.bin"...
Loading objects from file "../objpos/ghz2.bin", using compression Uncompressed...
Drawing block bitmaps...
Drawing chunk bitmaps...
Level loaded in 0,3009327 second(s).
Load completed.
Saving Green Hill Zone Act 2...
Saving Green Hill Zone Act 2...
Loading Green Hill Zone Act 1...
Loading 16x16 blocks from file "../map16/GHZ.eni", using compression Enigma...
Loading 8x8 tiles from file "../artnem/8x8 - GHZ1.nem", using compression Nemesis...
Loading 256x256 chunks from file "../map256/GHZ.kos", using compression Kosinski...
Loading FG layout from file "../levels/ghz1.bin", using compression Uncompressed...
Loading BG layout from file "../levels/ghzbg.bin", using compression Uncompressed...
Loading palette file "../palette/Sonic.bin"...
Source: 0 Destination: 0 Length: 16
Loading FG layout from file "../levels/ghz2.bin", using compression Uncompressed...
Loading palette file "../palette/Green Hill Zone.bin"...
Source: 0 Destination: 16 Length: 48
Loading palette file "../palette/Ending.bin"...
Source: 0 Destination: 0 Length: 64
Loading 8x8 tiles from file "../artnem/8x8 - GHZ2.nem", using compression Nemesis...
Loading FG layout from file "../levels/ghz3.bin", using compression Uncompressed...
Loading FG layout from file "../levels/ending.bin", using compression Uncompressed...
Loading object definition file "obj.ini".
Loading object definition file "obj.rev01.ini".
Loading object definition file "objGHZ.ini".
Loading ObjectDefinition type S1ObjectDefinitions.Common.Ring from "Common\Ring.cs"...
Loading type from cached assembly "dllcache\S1ObjectDefinitions.Common.Ring.dll"...
Loading ObjectDefinition type S1ObjectDefinitions.Common.InvisibleBlock from "Common\InvisibleBlock.cs"...
Loading type from cached assembly "dllcache\S1ObjectDefinitions.Common.InvisibleBlock.dll"...
Loading ObjectDefinition type S1ObjectDefinitions.GHZ.Bridge from "GHZ\Bridge.cs"...
Loading type from cached assembly "dllcache\S1ObjectDefinitions.GHZ.Bridge.dll"...
Loading ObjectDefinition type S1ObjectDefinitions.GHZ.SpikedPole from "GHZ\SpikedPole.cs"...
Loading ObjectDefinition type S1ObjectDefinitions.GHZ.SwingingPlatform from "GHZ\SwingingPlatform.cs"...
Loading type from cached assembly "dllcache\S1ObjectDefinitions.GHZ.SpikedPole.dll"...
Loading type from cached assembly "dllcache\S1ObjectDefinitions.GHZ.SwingingPlatform.dll"...
Loading start position "Level Start" from file "../startpos/ghz1.bin"...
Loading objects from file "../objpos/ghz1.bin", using compression Uncompressed...
Loading start position "Credits Demo 1" from file "../startpos/ghz1 (Credits demo 1).bin"...
Loading start position "Credits Demo 2" from file "../startpos/ghz1 (Credits demo 2).bin"...
Drawing block bitmaps...
Drawing chunk bitmaps...
Level loaded in 0,3115538 second(s).
Load completed.
Saving Green Hill Zone Act 1...
Saving Green Hill Zone Act 1...
Loading Green Hill Zone Act 2...
Loading 8x8 tiles from file "../artnem/8x8 - GHZ1.nem", using compression Nemesis...
Loading FG layout from file "../levels/ghz2.bin", using compression Uncompressed...
Loading 16x16 blocks from file "../map16/GHZ.eni", using compression Enigma...
Loading 256x256 chunks from file "../map256/GHZ.kos", using compression Kosinski...
Loading BG layout from file "../levels/ghzbg.bin", using compression Uncompressed...
Loading FG layout from file "../levels/ghz1.bin", using compression Uncompressed...
Loading palette file "../palette/Sonic.bin"...
Source: 0 Destination: 0 Length: 16
Loading 8x8 tiles from file "../artnem/8x8 - GHZ2.nem", using compression Nemesis...
Loading FG layout from file "../levels/ghz3.bin", using compression Uncompressed...
Loading palette file "../palette/Green Hill Zone.bin"...
Source: 0 Destination: 16 Length: 48
Loading palette file "../palette/Ending.bin"...
Source: 0 Destination: 0 Length: 64
Loading FG layout from file "../levels/ending.bin", using compression Uncompressed...
Loading object definition file "obj.ini".
Loading object definition file "obj.rev01.ini".
Loading object definition file "objGHZ.ini".
Loading ObjectDefinition type S1ObjectDefinitions.Common.Ring from "Common\Ring.cs"...
Loading type from cached assembly "dllcache\S1ObjectDefinitions.Common.Ring.dll"...
Loading ObjectDefinition type S1ObjectDefinitions.Common.InvisibleBlock from "Common\InvisibleBlock.cs"...
Loading ObjectDefinition type S1ObjectDefinitions.GHZ.Bridge from "GHZ\Bridge.cs"...
Loading type from cached assembly "dllcache\S1ObjectDefinitions.Common.InvisibleBlock.dll"...
Loading type from cached assembly "dllcache\S1ObjectDefinitions.GHZ.Bridge.dll"...
Loading ObjectDefinition type S1ObjectDefinitions.GHZ.SwingingPlatform from "GHZ\SwingingPlatform.cs"...
Loading type from cached assembly "dllcache\S1ObjectDefinitions.GHZ.SwingingPlatform.dll"...
Loading ObjectDefinition type S1ObjectDefinitions.GHZ.SpikedPole from "GHZ\SpikedPole.cs"...
Loading type from cached assembly "dllcache\S1ObjectDefinitions.GHZ.SpikedPole.dll"...
Loading start position "Level Start" from file "../startpos/ghz2.bin"...
Loading objects from file "../objpos/ghz2.bin", using compression Uncompressed...
Drawing block bitmaps...
Drawing chunk bitmaps...
Level loaded in 0,3277522 second(s).
Load completed.
Saving Green Hill Zone Act 2...
Saving Green Hill Zone Act 2...
Saving Green Hill Zone Act 2...
Loading Green Hill Zone Act 1...
Loading 8x8 tiles from file "../artnem/8x8 - GHZ1.nem", using compression Nemesis...
Loading 256x256 chunks from file "../map256/GHZ.kos", using compression Kosinski...
Loading 16x16 blocks from file "../map16/GHZ.eni", using compression Enigma...
Loading FG layout from file "../levels/ghz1.bin", using compression Uncompressed...
Loading BG layout from file "../levels/ghzbg.bin", using compression Uncompressed...
Loading palette file "../palette/Sonic.bin"...
Source: 0 Destination: 0 Length: 16
Loading palette file "../palette/Green Hill Zone.bin"...
Source: 0 Destination: 16 Length: 48
Loading palette file "../palette/Ending.bin"...
Source: 0 Destination: 0 Length: 64
Loading 8x8 tiles from file "../artnem/8x8 - GHZ2.nem", using compression Nemesis...
Loading FG layout from file "../levels/ghz2.bin", using compression Uncompressed...
Loading FG layout from file "../levels/ghz3.bin", using compression Uncompressed...
Loading FG layout from file "../levels/ending.bin", using compression Uncompressed...
Loading object definition file "obj.ini".
Loading object definition file "obj.rev01.ini".
Loading object definition file "objGHZ.ini".
Loading ObjectDefinition type S1ObjectDefinitions.Common.Ring from "Common\Ring.cs"...
Loading ObjectDefinition type S1ObjectDefinitions.Common.InvisibleBlock from "Common\InvisibleBlock.cs"...
Loading type from cached assembly "dllcache\S1ObjectDefinitions.Common.Ring.dll"...
Loading type from cached assembly "dllcache\S1ObjectDefinitions.Common.InvisibleBlock.dll"...
Loading ObjectDefinition type S1ObjectDefinitions.GHZ.SwingingPlatform from "GHZ\SwingingPlatform.cs"...
Loading type from cached assembly "dllcache\S1ObjectDefinitions.GHZ.SwingingPlatform.dll"...
Loading ObjectDefinition type S1ObjectDefinitions.GHZ.SpikedPole from "GHZ\SpikedPole.cs"...
Loading type from cached assembly "dllcache\S1ObjectDefinitions.GHZ.SpikedPole.dll"...
Loading ObjectDefinition type S1ObjectDefinitions.GHZ.Bridge from "GHZ\Bridge.cs"...
Loading type from cached assembly "dllcache\S1ObjectDefinitions.GHZ.Bridge.dll"...
Loading start position "Level Start" from file "../startpos/ghz1.bin"...
Loading objects from file "../objpos/ghz1.bin", using compression Uncompressed...
Loading start position "Credits Demo 1" from file "../startpos/ghz1 (Credits demo 1).bin"...
Loading start position "Credits Demo 2" from file "../startpos/ghz1 (Credits demo 2).bin"...
Drawing block bitmaps...
Drawing chunk bitmaps...
Level loaded in 0,2850495 second(s).
Load completed.
Loading Green Hill Zone Act 2...
Loading 16x16 blocks from file "../map16/GHZ.eni", using compression Enigma...
Loading 8x8 tiles from file "../artnem/8x8 - GHZ1.nem", using compression Nemesis...
Loading 256x256 chunks from file "../map256/GHZ.kos", using compression Kosinski...
Loading FG layout from file "../levels/ghz2.bin", using compression Uncompressed...
Loading BG layout from file "../levels/ghzbg.bin", using compression Uncompressed...
Loading palette file "../palette/Sonic.bin"...
Source: 0 Destination: 0 Length: 16
Loading FG layout from file "../levels/ghz1.bin", using compression Uncompressed...
Loading palette file "../palette/Green Hill Zone.bin"...
Source: 0 Destination: 16 Length: 48
Loading palette file "../palette/Ending.bin"...
Source: 0 Destination: 0 Length: 64
Loading FG layout from file "../levels/ghz3.bin", using compression Uncompressed...
Loading 8x8 tiles from file "../artnem/8x8 - GHZ2.nem", using compression Nemesis...
Loading FG layout from file "../levels/ending.bin", using compression Uncompressed...
Loading object definition file "obj.ini".
Loading object definition file "obj.rev01.ini".
Loading object definition file "objGHZ.ini".
Loading ObjectDefinition type S1ObjectDefinitions.Common.Ring from "Common\Ring.cs"...
Loading type from cached assembly "dllcache\S1ObjectDefinitions.Common.Ring.dll"...
Loading ObjectDefinition type S1ObjectDefinitions.Common.InvisibleBlock from "Common\InvisibleBlock.cs"...
Loading type from cached assembly "dllcache\S1ObjectDefinitions.Common.InvisibleBlock.dll"...
Loading ObjectDefinition type S1ObjectDefinitions.GHZ.SwingingPlatform from "GHZ\SwingingPlatform.cs"...
Loading type from cached assembly "dllcache\S1ObjectDefinitions.GHZ.SwingingPlatform.dll"...
Loading ObjectDefinition type S1ObjectDefinitions.GHZ.SpikedPole from "GHZ\SpikedPole.cs"...
Loading type from cached assembly "dllcache\S1ObjectDefinitions.GHZ.SpikedPole.dll"...
Loading ObjectDefinition type S1ObjectDefinitions.GHZ.Bridge from "GHZ\Bridge.cs"...
Loading type from cached assembly "dllcache\S1ObjectDefinitions.GHZ.Bridge.dll"...
Loading start position "Level Start" from file "../startpos/ghz2.bin"...
Loading objects from file "../objpos/ghz2.bin", using compression Uncompressed...
Drawing block bitmaps...
Drawing chunk bitmaps...
Level loaded in 0,2410595 second(s).
Load completed.
Saving Green Hill Zone Act 2...
Saving Green Hill Zone Act 2...
System.ArgumentOutOfRangeException: El índice estaba fuera del intervalo. Debe ser un valor no negativo e inferior al tamaño de la colección.
Nombre del parámetro: index
   en System.ThrowHelper.ThrowArgumentOutOfRangeException(ExceptionArgument argument, ExceptionResource resource)
   en SonicRetro.SonLVL.API.MultiFileIndexer`1.set_Item(Int32 index, T value) en C:\Programs\SonLVL\SonLVLAPI\MultiFileIndexer.cs:línea 79
   en SonicRetro.SonLVL.GUI.MainForm.importOverToolStripMenuItem_Click(Object sender, EventArgs e) en C:\Programs\SonLVL\SonLVL\MainForm.cs:línea 10469
   en System.Windows.Forms.ToolStripItem.RaiseEvent(Object key, EventArgs e)
   en System.Windows.Forms.ToolStripMenuItem.OnClick(EventArgs e)
   en System.Windows.Forms.ToolStripItem.HandleClick(EventArgs e)
   en System.Windows.Forms.ToolStripItem.HandleMouseUp(MouseEventArgs e)
   en System.Windows.Forms.ToolStripItem.FireEventInteractive(EventArgs e, ToolStripItemEventType met)
   en System.Windows.Forms.ToolStripItem.FireEvent(EventArgs e, ToolStripItemEventType met)
   en System.Windows.Forms.ToolStrip.OnMouseUp(MouseEventArgs mea)
   en System.Windows.Forms.ToolStripDropDown.OnMouseUp(MouseEventArgs mea)
   en System.Windows.Forms.Control.WmMouseUp(Message& m, MouseButtons button, Int32 clicks)
   en System.Windows.Forms.Control.WndProc(Message& m)
   en System.Windows.Forms.ScrollableControl.WndProc(Message& m)
   en System.Windows.Forms.ToolStrip.WndProc(Message& m)
   en System.Windows.Forms.ToolStripDropDown.WndProc(Message& m)
   en System.Windows.Forms.Control.ControlNativeWindow.OnMessage(Message& m)
   en System.Windows.Forms.Control.ControlNativeWindow.WndProc(Message& m)
   en System.Windows.Forms.NativeWindow.Callback(IntPtr hWnd, Int32 msg, IntPtr wparam, IntPtr lparam)
System.ArgumentOutOfRangeException: El índice estaba fuera del intervalo. Debe ser un valor no negativo e inferior al tamaño de la colección.
Nombre del parámetro: index
   en System.ThrowHelper.ThrowArgumentOutOfRangeException(ExceptionArgument argument, ExceptionResource resource)
   en SonicRetro.SonLVL.API.MultiFileIndexer`1.set_Item(Int32 index, T value) en C:\Programs\SonLVL\SonLVLAPI\MultiFileIndexer.cs:línea 79
   en SonicRetro.SonLVL.GUI.MainForm.importOverToolStripMenuItem_Click(Object sender, EventArgs e) en C:\Programs\SonLVL\SonLVL\MainForm.cs:línea 10469
   en System.Windows.Forms.ToolStripItem.RaiseEvent(Object key, EventArgs e)
   en System.Windows.Forms.ToolStripMenuItem.OnClick(EventArgs e)
   en System.Windows.Forms.ToolStripItem.HandleClick(EventArgs e)
   en System.Windows.Forms.ToolStripItem.HandleMouseUp(MouseEventArgs e)
   en System.Windows.Forms.ToolStripItem.FireEventInteractive(EventArgs e, ToolStripItemEventType met)
   en System.Windows.Forms.ToolStripItem.FireEvent(EventArgs e, ToolStripItemEventType met)
   en System.Windows.Forms.ToolStrip.OnMouseUp(MouseEventArgs mea)
   en System.Windows.Forms.ToolStripDropDown.OnMouseUp(MouseEventArgs mea)
   en System.Windows.Forms.Control.WmMouseUp(Message& m, MouseButtons button, Int32 clicks)
   en System.Windows.Forms.Control.WndProc(Message& m)
   en System.Windows.Forms.ScrollableControl.WndProc(Message& m)
   en System.Windows.Forms.ToolStrip.WndProc(Message& m)
   en System.Windows.Forms.ToolStripDropDown.WndProc(Message& m)
   en System.Windows.Forms.Control.ControlNativeWindow.OnMessage(Message& m)
   en System.Windows.Forms.Control.ControlNativeWindow.WndProc(Message& m)
   en System.Windows.Forms.NativeWindow.Callback(IntPtr hWnd, Int32 msg, IntPtr wparam, IntPtr lparam)
